// Jest Snapshot v1, https://goo.gl/fbAQLP

exports[`EditTask.vue Snapshot test 1`] = `
<v-container>
  <div>
    <v-select items="Cook,Videogame,Workout,Study,Walk" label="Activity"></v-select>
    <v-text-field label="Message" hide-details="auto"></v-text-field>
    <v-text-field label="Duration *" hide-details="auto" type="number" step="0.5" min="0.5" max="12"></v-text-field>
    <div class="input-date">
      <v-col cols="12" sm="6" md="4">
        <v-menu return-value="2023-02-24" transition="scale-transition" offset-y="" min-width="auto">
          <v-date-picker no-title="" scrollable="">
            <v-spacer></v-spacer>
            <v-btn text="" color="primary">
              Cancel
            </v-btn>
            <v-btn text="" color="primary">
              OK
            </v-btn>
          </v-date-picker>
        </v-menu>
      </v-col>
    </div>
    <v-btn color="green" class="ma-2">
      Update Task
    </v-btn>
    <!---->
    <!---->
  </div>
</v-container>
`;
